============================= test session starts ==============================
platform linux -- Python 3.12.3, pytest-9.0.2, pluggy-1.6.0 -- /home/muksihs/git/snea-shoebox-editor/.venv/bin/python
cachedir: .pytest_cache
rootdir: /home/muksihs/git/snea-shoebox-editor
configfile: pyproject.toml
plugins: anyio-4.12.1
collecting ... collected 186 items

test/test_artifact_hash_pins_sc1.py::test_sc1_artifacts_match_pins_and_hash_check_exit_zero PASSED [  0%]
test/test_artifact_hash_pins_sc1.py::test_sc1_hash_check_fails_on_byte_mismatch PASSED [  1%]
test/test_artifact_hash_pins_sc1.py::test_sc1_hash_check_fails_on_absent_artifacts PASSED [  1%]
test/test_artifact_hash_pins_sc1.py::test_sc1_pin_consistency_selfcheck[models/gte-small/onnx/model_qint8_avx512_vnni.onnx-pins0] PASSED [  2%]
test/test_artifact_hash_pins_sc1.py::test_sc1_pin_consistency_selfcheck[models/gte-small/tokenizer.json-pins1] PASSED [  2%]
test/test_dispatch_routing_sc11_red.py::TestSearchModeLiteralWidened::test_semantic_gloss_in_search_mode PASSED [  3%]
test/test_dispatch_routing_sc11_red.py::TestSearchModeLiteralWidened::test_semantic_all_in_search_mode PASSED [  3%]
test/test_dispatch_routing_sc11_red.py::TestSearchModeLiteralWidened::test_existing_modes_unchanged PASSED [  4%]
test/test_dispatch_routing_sc11_red.py::TestSearchModeLiteralWidened::test_search_mode_arg_count PASSED [  4%]
test/test_dispatch_routing_sc11_red.py::TestDispatchRouting::test_semantic_gloss_routed_to_search_semantic PASSED [  5%]
test/test_dispatch_routing_sc11_red.py::TestDispatchRouting::test_semantic_all_routed_to_search_semantic PASSED [  5%]
test/test_dispatch_routing_sc11_red.py::TestDispatchRouting::test_existing_modes_route_unchanged PASSED [  6%]
test/test_dispatch_routing_sc11_red.py::TestSearchRecordsContractUnchanged::test_signature_params_unchanged PASSED [  6%]
test/test_dispatch_routing_sc11_red.py::TestSearchRecordsContractUnchanged::test_search_mode_default_unchanged PASSED [  7%]
test/test_dispatch_routing_sc11_red.py::TestSearchRecordsContractUnchanged::test_return_type_record_search_result PASSED [  8%]
test/test_embedding_crash_remediation.py::TestEncodeGlobalLock::test_encode_serializes_concurrent_calls PASSED [  8%]
test/test_embedding_crash_remediation.py::TestEncodeGlobalLock::test_encode_lock_exists_and_is_used PASSED [  9%]
test/test_embedding_crash_remediation.py::TestSessionOptions::test_load_session_sets_intra_op_threads PASSED [  9%]
test/test_embedding_crash_remediation.py::TestBackfillBatchSize::test_default_batch_size_is_one PASSED [ 10%]
test/test_embedding_crash_remediation.py::TestBackfillBatchSize::test_backfill_encodes_row_at_a_time PASSED [ 10%]
test/test_embedding_service_sc12.py::TestLoadModelSingletonContract::test_load_model_exists PASSED [ 11%]
test/test_embedding_service_sc12.py::TestLoadModelSingletonContract::test_load_model_returns_session_twice_same_object PASSED [ 11%]
test/test_embedding_service_sc12.py::TestLoadModelSingletonContract::test_concurrent_load_model_single_construction PASSED [ 12%]
test/test_embedding_service_sc12.py::TestLoadModelSingletonContract::test_module_level_holder_registry_count PASSED [ 12%]
test/test_embedding_service_sc12.py::TestLoadModelSingletonContract::test_streamlit_import_free PASSED [ 13%]
test/test_embedding_service_sc2.py::TestEncodeContract::test_encode_single_string_shape PASSED [ 13%]
test/test_embedding_service_sc2.py::TestEncodeContract::test_encode_single_string_dtype_float32 PASSED [ 14%]
test/test_embedding_service_sc2.py::TestEncodeContract::test_encode_unit_norm PASSED [ 15%]
test/test_embedding_service_sc2.py::TestEncodeContract::test_encode_batch_64_padding PASSED [ 15%]
test/test_embedding_service_sc2.py::TestEncodeContract::test_encode_none_raises_contextual PASSED [ 16%]
test/test_embedding_service_sc2.py::TestEncodeContract::test_encode_invalid_scalar_raises_contextual PASSED [ 16%]
test/test_embedding_service_sc2.py::TestEncodeContract::test_encode_list_invalid_element_raises_contextual PASSED [ 17%]
test/test_filter_ux_red.py::TestFilterUXRED::test_clear_button_empties_text_input PASSED [ 17%]
test/test_filter_ux_red.py::TestFilterUXRED::test_language_dropdown_shows_all_languages PASSED [ 18%]
test/test_filter_ux_red.py::TestFilterUXRED::test_search_clear_buttons_in_columns PASSED [ 18%]
test/test_filter_ux_red.py::TestFilterUXRED::test_source_dropdown_shows_all_sources PASSED [ 19%]
test/test_manifest_sc10.py::test_runtime_deps_contain_onnxruntime_and_tokenizers PASSED [ 19%]
test/test_manifest_sc10.py::test_sentence_transformers_absent_from_runtime_deps PASSED [ 20%]
test/test_manifest_sc10.py::test_sentence_transformers_present_in_dev_group PASSED [ 20%]
test/test_manifest_sc10.py::test_profiler_evidence_artifact_exists_and_within_envelope PASSED [ 21%]
test/test_migration_backfill_search_entries.py::TestMigrationBackfillSearchEntries::test_initial_tables_empty PASSED [ 22%]
test/test_migration_backfill_search_entries.py::TestMigrationBackfillSearchEntries::test_migration_populates_tables PASSED [ 22%]
test/test_migration_backfill_search_entries.py::TestMigrationBackfillSearchEntries::test_migration_registered PASSED [ 23%]
test/test_migration_backfill_search_entries.py::TestMigrationBackfillSearchEntries::test_rollback_safety PASSED [ 23%]
test/test_migration_semantic_schema_sc4.py::TestDdlMigrationsSemanticSchemaSc4::test_ddl_only_no_data_writes PASSED [ 24%]
test/test_migration_semantic_schema_sc4.py::TestDdlMigrationsSemanticSchemaSc4::test_migration_descriptions_map_to_ddl_concerns PASSED [ 24%]
test/test_migration_semantic_schema_sc4.py::TestDdlMigrationsSemanticSchemaSc4::test_migrations_apply_in_order_and_objects_exist PASSED [ 25%]
test/test_migration_semantic_schema_sc4.py::TestDdlMigrationsSemanticSchemaSc4::test_registry_versions_follow_yyyymmddsssss PASSED [ 25%]
test/test_migration_semantic_schema_sc4.py::TestDdlMigrationsSemanticSchemaSc4::test_rerun_is_noop PASSED [ 26%]
test/test_migration_semantic_schema_sc4.py::TestDdlMigrationsSemanticSchemaSc4::test_semantic_embedding_column_is_vector384 PASSED [ 26%]
test/test_migration_semantic_schema_sc4.py::TestDdlMigrationsSemanticSchemaSc4::test_semantic_fk_cascade_in_applied_schema PASSED [ 27%]
test/test_migration_semantic_schema_sc4.py::TestDdlMigrationsSemanticSchemaSc4::test_two_ddl_migrations_registered_append_only PASSED [ 27%]
test/test_parser_headword_block.py::TestPrimaryVaField::test_primary_va_field_exists PASSED [ 28%]
test/test_parser_headword_block.py::TestPrimaryVaField::test_primary_va_contains_only_headword_values PASSED [ 29%]
test/test_parser_headword_block.py::TestExistingVaBehavior::test_va_still_contains_all_values PASSED [ 29%]
test/test_parser_headword_block.py::TestMultipleHeadwordVa::test_multiple_headword_va_captured PASSED [ 30%]
test/test_records_language_role.py::TestLanguageRoleFilter::test_language_role_any_returns_all PASSED [ 30%]
test/test_records_language_role.py::TestLanguageRoleFilter::test_language_role_ignored_without_language_id PASSED [ 31%]
test/test_records_language_role.py::TestLanguageRoleFilter::test_language_role_primary_filters_primary PASSED [ 31%]
test/test_records_language_role.py::TestLanguageRoleFilter::test_language_role_secondary_filters_secondary PASSED [ 32%]
test/test_search_mode_ui_red.py::TestSearchModeUIRED::test_header_shows_mode_name_and_count PASSED [ 32%]
test/test_search_mode_ui_red.py::TestSearchModeUIRED::test_search_buttons_full_width_below_radio PASSED [ 33%]
test/test_search_mode_ui_red.py::TestSearchModeUIRED::test_search_defaults_to_headword PASSED [ 33%]
test/test_search_mode_ui_red.py::TestSearchModeUIRED::test_vertical_radio_shows_all_search_modes PASSED [ 34%]
test/test_semantic_dispatch_red.py::TestSemanticDispatchRED::test_exact_mode_uses_search_records_not_seam PASSED [ 34%]
test/test_semantic_dispatch_red.py::TestSemanticDispatchRED::test_semantic_all_dispatches_to_seam PASSED [ 35%]
test/test_semantic_dispatch_red.py::TestSemanticDispatchRED::test_semantic_gloss_dispatches_to_seam_with_threshold PASSED [ 36%]
test/test_semantic_empty_states_red.py::TestSemanticEmptyStatesSC6::test_empty_query_renders_status_specific_info_in_main PASSED [ 36%]
test/test_semantic_empty_states_red.py::TestSemanticEmptyStatesSC6::test_no_embeddings_renders_warning_naming_backfill_remedy PASSED [ 37%]
test/test_semantic_empty_states_red.py::TestSemanticEmptyStatesSC6::test_no_scenario_crashes 
test/test_semantic_empty_states_red.py::TestSemanticEmptyStatesSC6::test_no_scenario_crashes PASSED [ 37%]
test/test_semantic_empty_states_red.py::TestSemanticEmptyStatesSC6::test_ok_with_results_renders_records_not_empty_state PASSED [ 38%]
test/test_semantic_empty_states_red.py::TestSemanticEmptyStatesSC6::test_stale_model_renders_warning_naming_backfill_remedy PASSED [ 38%]
test/test_semantic_empty_states_red.py::TestSemanticEmptyStatesSC6::test_zero_results_after_threshold_reuses_empty_batch_branch_with_specific_copy PASSED [ 39%]
test/test_semantic_filters_disabled_red.py::TestSemanticFiltersDisabledRED::test_help_mentions_semantic_search PASSED [ 39%]
test/test_semantic_filters_disabled_red.py::TestSemanticFiltersDisabledRED::test_language_filters_disabled_with_help_in_fts_mode PASSED [ 40%]
test/test_semantic_filters_disabled_red.py::TestSemanticFiltersDisabledRED::test_language_filters_enabled_in_headword_gloss_lexeme PASSED [ 40%]
test/test_semantic_filters_disabled_red.py::TestSemanticFiltersDisabledRED::test_language_role_radio_disabled_in_semantic_all PASSED [ 41%]
test/test_semantic_filters_disabled_red.py::TestSemanticFiltersDisabledRED::test_language_role_radio_disabled_in_semantic_gloss PASSED [ 41%]
test/test_semantic_filters_disabled_red.py::TestSemanticFiltersDisabledRED::test_language_role_radio_has_help_in_semantic_all PASSED [ 42%]
test/test_semantic_filters_disabled_red.py::TestSemanticFiltersDisabledRED::test_language_role_radio_has_help_in_semantic_gloss PASSED [ 43%]
test/test_semantic_filters_disabled_red.py::TestSemanticFiltersDisabledRED::test_language_selectbox_disabled_in_semantic_all PASSED [ 43%]
test/test_semantic_filters_disabled_red.py::TestSemanticFiltersDisabledRED::test_language_selectbox_disabled_in_semantic_gloss PASSED [ 44%]
test/test_semantic_filters_disabled_red.py::TestSemanticFiltersDisabledRED::test_language_selectbox_has_help_in_semantic_all PASSED [ 44%]
test/test_semantic_filters_disabled_red.py::TestSemanticFiltersDisabledRED::test_language_selectbox_has_help_in_semantic_gloss PASSED [ 45%]
test/test_semantic_filters_disabled_red.py::TestSemanticFiltersDisabledRED::test_preselected_language_value_preserved_in_semantic_mode PASSED [ 45%]
test/test_semantic_filters_disabled_red.py::TestSemanticFiltersDisabledRED::test_source_selectbox_remains_enabled_in_semantic_modes PASSED [ 46%]
test/test_semantic_mode_radio_red.py::TestSemanticModeRadioRED::test_existing_four_options_preserved PASSED [ 46%]
test/test_semantic_mode_radio_red.py::TestSemanticModeRadioRED::test_radio_has_six_options_including_semantic_modes PASSED [ 47%]
test/test_semantic_mode_radio_red.py::TestSemanticModeRadioRED::test_search_mode_captions_dict_has_semantic_keys PASSED [ 47%]
test/test_semantic_mode_radio_red.py::TestSemanticModeRadioRED::test_semantic_all_mode_caption_renders_when_selected PASSED [ 48%]
test/test_semantic_mode_radio_red.py::TestSemanticModeRadioRED::test_semantic_mode_caption_renders_when_selected PASSED [ 48%]
test/test_semantic_pagination_red.py::TestSemanticPaginationSC5::test_clamping_current_page_beyond_total_pages PASSED [ 49%]
test/test_semantic_pagination_red.py::TestSemanticPaginationSC5::test_desc_score_record_id_asc_tiebreak_single_page_slice PASSED [ 50%]
test/test_semantic_pagination_red.py::TestSemanticPaginationSC5::test_order_stability_across_page_navigation PASSED [ 50%]
test/test_semantic_pagination_red.py::TestSemanticPaginationSC5::test_single_search_invocation_across_navigation PASSED [ 51%]
test/test_semantic_scores_red.py::TestSemanticScoresRED::test_exact_match_modes_show_no_scores 
test/test_semantic_scores_red.py::TestSemanticScoresRED::test_exact_match_modes_show_no_scores PASSED [ 51%]
test/test_semantic_scores_red.py::TestSemanticScoresRED::test_no_score_leakage_on_exact_rows_with_same_text PASSED [ 52%]
test/test_semantic_scores_red.py::TestSemanticScoresRED::test_semantic_rows_show_two_decimal_scores_inline_in_header PASSED [ 52%]
test/test_semantic_scores_red.py::TestSemanticScoresRED::test_semantic_scores_in_descending_document_order PASSED [ 53%]
test/test_semantic_search_edge_matrix_sc7.py::TestSemanticSearchEdgeMatrixSc7::test_empty_and_whitespace_query_status_pre_model 
test/test_semantic_search_edge_matrix_sc7.py::TestSemanticSearchEdgeMatrixSc7::test_empty_and_whitespace_query_status_pre_model PASSED [ 53%]
test/test_semantic_search_edge_matrix_sc7.py::TestSemanticSearchEdgeMatrixSc7::test_no_embeddings_when_no_embedded_rows_all_mode PASSED [ 54%]
test/test_semantic_search_edge_matrix_sc7.py::TestSemanticSearchEdgeMatrixSc7::test_no_embeddings_when_no_embedded_rows_gloss_mode PASSED [ 54%]
test/test_semantic_search_edge_matrix_sc7.py::TestSemanticSearchEdgeMatrixSc7::test_ok_with_empty_results_when_all_scores_below_threshold PASSED [ 55%]
test/test_semantic_search_edge_matrix_sc7.py::TestSemanticSearchEdgeMatrixSc7::test_stale_model_when_rows_exist_exclusively_under_stale_pin 
test/test_semantic_search_edge_matrix_sc7.py::TestSemanticSearchEdgeMatrixSc7::test_stale_model_when_rows_exist_exclusively_under_stale_pin PASSED [ 55%]
test/test_semantic_search_schema_sc3.py::TestSemanticSearchSchemaSc3::test_gloss_search_entries_embedding_is_vector384 PASSED [ 56%]
test/test_semantic_search_schema_sc3.py::TestSemanticSearchSchemaSc3::test_gloss_search_entries_has_three_new_columns PASSED [ 56%]
test/test_semantic_search_schema_sc3.py::TestSemanticSearchSchemaSc3::test_orm_gloss_search_entry_has_new_columns PASSED [ 57%]
test/test_semantic_search_schema_sc3.py::TestSemanticSearchSchemaSc3::test_orm_semantic_search_entry_declared PASSED [ 58%]
test/test_semantic_search_schema_sc3.py::TestSemanticSearchSchemaSc3::test_semantic_search_entries_columns PASSED [ 58%]
test/test_semantic_search_schema_sc3.py::TestSemanticSearchSchemaSc3::test_semantic_search_entries_embedding_is_vector384 PASSED [ 59%]
test/test_semantic_search_schema_sc3.py::TestSemanticSearchSchemaSc3::test_semantic_search_entries_record_id_cascades_on_delete PASSED [ 59%]
test/test_semantic_search_schema_sc3.py::TestSemanticSearchSchemaSc3::test_semantic_search_entries_table_exists PASSED [ 60%]
test/test_semantic_search_seam_sc5.py::TestSemanticSearchSeamSc5::test_default_threshold_080_filters PASSED [ 60%]
test/test_semantic_search_seam_sc5.py::TestSemanticSearchSeamSc5::test_degraded_states_never_raise_and_message_is_str 
test/test_semantic_search_seam_sc5.py::TestSemanticSearchSeamSc5::test_degraded_states_never_raise_and_message_is_str PASSED [ 61%]
test/test_semantic_search_seam_sc5.py::TestSemanticSearchSeamSc5::test_empty_query_status PASSED [ 61%]
test/test_semantic_search_seam_sc5.py::TestSemanticSearchSeamSc5::test_mode_all_ranks_both_tables PASSED [ 62%]
test/test_semantic_search_seam_sc5.py::TestSemanticSearchSeamSc5::test_mode_gloss_targets_gloss_table_only PASSED [ 62%]
test/test_semantic_search_seam_sc5.py::TestSemanticSearchSeamSc5::test_module_exists_and_is_streamlit_free PASSED [ 63%]
test/test_semantic_search_seam_sc5.py::TestSemanticSearchSeamSc5::test_no_embeddings_status_when_no_pinned_rows PASSED [ 63%]
test/test_semantic_search_seam_sc5.py::TestSemanticSearchSeamSc5::test_ranked_list_desc_with_tiebreak_and_pin_exclusion PASSED [ 64%]
test/test_semantic_search_seam_sc5.py::TestSemanticSearchSeamSc5::test_ranking_overrides_fixture_state PASSED [ 65%]
test/test_semantic_search_seam_sc5.py::TestSemanticSearchSeamSc5::test_result_dataclass_field_list_exact PASSED [ 65%]
test/test_semantic_search_seam_sc5.py::TestSemanticSearchSeamSc5::test_search_semantic_signature PASSED [ 66%]
test/test_semantic_search_seam_sc5.py::TestSemanticSearchSeamSc5::test_status_enum_exact PASSED [ 66%]
test/test_semantic_threshold_red.py::TestSemanticThresholdRED::test_persistence_coupling_round_trip_idiom PASSED [ 67%]
test/test_semantic_threshold_red.py::TestSemanticThresholdRED::test_threshold_disabled_with_help_in_nonsemantic_mode PASSED [ 67%]
test/test_semantic_threshold_red.py::TestSemanticThresholdRED::test_threshold_initialized_from_preference_default_080 PASSED [ 68%]
test/test_semantic_threshold_red.py::TestSemanticThresholdRED::test_threshold_lives_in_sidebar_stable_slot_all_modes PASSED [ 68%]
test/test_semantic_threshold_red.py::TestSemanticThresholdRED::test_threshold_widgets_exist_with_correct_keys PASSED [ 69%]
test/test_semantic_threshold_validation_red.py::TestSemanticThresholdValidationRED::test_non_numeric_edit_rejected_and_snaps_back PASSED [ 69%]
test/test_semantic_threshold_validation_red.py::TestSemanticThresholdValidationRED::test_out_of_range_high_edit_rejected_and_snaps_back PASSED [ 70%]
test/test_semantic_threshold_validation_red.py::TestSemanticThresholdValidationRED::test_out_of_range_low_edit_rejected_and_snaps_back PASSED [ 70%]
test/test_semantic_threshold_validation_red.py::TestSemanticThresholdValidationRED::test_validation_guard_exists_in_threshold_edit_path PASSED [ 71%]
test/test_sync_prod_nextval_default_sc4.py::test_ddl_emits_nextval_default_for_records_id_sc4 PASSED [ 72%]
test/test_sync_prod_vector1536_sc1.py::test_ddl_emits_vector_1536_for_records_embedding_column PASSED [ 72%]
test/test_sync_prod_vector384_sc2.py::test_ddl_emits_vector_384_for_gloss_search_entries_embedding PASSED [ 73%]
test/test_sync_prod_vector384_sc3.py::test_ddl_emits_vector_384_for_semantic_search_entries_embedding PASSED [ 73%]
test/test_upload_search_entries.py::TestUploadSearchEntriesRED::test_gloss_ge_excludes_nested_ge PASSED [ 74%]
test/test_upload_search_entries.py::TestUploadSearchEntriesRED::test_headword_va_excludes_nested_va PASSED [ 74%]
test/test_upload_search_entries.py::TestUploadSearchEntriesRED::test_no_lx_no_headword_entry PASSED [ 75%]
test/test_upload_search_entries.py::TestUploadSearchEntriesRED::test_search_entry_unchanged PASSED [ 75%]
test/test_upload_search_entries.py::TestUploadSearchEntriesEmbeddingSC8::test_sc8_batch_writes_le_512 PASSED [ 76%]
test/test_upload_search_entries.py::TestUploadSearchEntriesEmbeddingSC8::test_sc8_ge_rows_embedded_with_pin PASSED [ 76%]
test/test_upload_search_entries.py::TestUploadSearchEntriesEmbeddingSC8::test_sc8_signature_unchanged_returns_int PASSED [ 77%]
test/test_upload_search_entries.py::TestUploadSearchEntriesEmbeddingSC8::test_sc8_unicode_preserved_exactly_on_real_records PASSED [ 77%]
test/ui/test_playwright_backfill_clickthrough.py::test_admin_backfill_clickthrough SKIPPED [ 78%]
test/ui/test_playwright_backfill_clickthrough.py::test_non_admin_shows_permission_error SKIPPED [ 79%]
test/ui/test_records_empty_search.py::TestEmptySearch::test_empty_search_term_returns_results PASSED [ 79%]
test/ui/test_records_empty_search.py::TestEmptySearch::test_empty_string_search_returns_results PASSED [ 80%]
test/ui/test_records_empty_search.py::TestEmptySearch::test_search_with_only_filters_no_term PASSED [ 80%]
test/ui/test_records_fts_disable.py::TestFTSDisableRED::test_language_filters_enabled_in_headword_mode PASSED [ 81%]
test/ui/test_records_fts_disable.py::TestFTSDisableRED::test_language_role_radio_disabled_in_fts_mode PASSED [ 81%]
test/ui/test_records_fts_disable.py::TestFTSDisableRED::test_language_selectbox_disabled_in_fts_mode PASSED [ 82%]
test/ui/test_records_fts_tooltips.py::TestFTSTooltipsRED::test_language_role_radio_has_help_in_fts_mode PASSED [ 82%]
test/ui/test_records_fts_tooltips.py::TestFTSTooltipsRED::test_language_selectbox_has_help_in_fts_mode PASSED [ 83%]
test/ui/test_records_fts_tooltips.py::TestFTSTooltipsRED::test_tooltip_mentions_fts PASSED [ 83%]
test/ui/test_records_headword_gloss.py::TestHeadwordGlossFilters::test_gloss_mode_with_language_filter PASSED [ 84%]
test/ui/test_records_headword_gloss.py::TestHeadwordGlossFilters::test_gloss_mode_with_language_role PASSED [ 84%]
test/ui/test_records_headword_gloss.py::TestHeadwordGlossFilters::test_gloss_mode_without_filters PASSED [ 85%]
test/ui/test_records_headword_gloss.py::TestHeadwordGlossFilters::test_headword_mode_with_language_filter PASSED [ 86%]
test/ui/test_records_headword_gloss.py::TestHeadwordGlossFilters::test_headword_mode_with_language_role PASSED [ 86%]
test/ui/test_records_headword_gloss.py::TestHeadwordGlossFilters::test_headword_mode_without_filters PASSED [ 87%]
test/ui/test_records_lexeme_regression.py::TestLexemeRegressionRED::test_gloss_language_filter_enabled PASSED [ 87%]
test/ui/test_records_lexeme_regression.py::TestLexemeRegressionRED::test_headword_language_filter_enabled PASSED [ 88%]
test/ui/test_records_lexeme_regression.py::TestLexemeRegressionRED::test_lexeme_language_filter_enabled PASSED [ 88%]
test/ui/test_records_lexeme_regression.py::TestLexemeRegressionRED::test_lexeme_language_role_filter_enabled PASSED [ 89%]
test/ui/test_records_state_persistence.py::TestStatePersistence::test_search_with_all_filters PASSED [ 89%]
test/ui/test_records_state_persistence.py::TestStatePersistence::test_search_with_language_filter PASSED [ 90%]
test/ui/test_records_state_persistence.py::TestStatePersistence::test_search_with_language_role_filter PASSED [ 90%]
test/ui/test_records_state_persistence.py::TestStatePersistence::test_search_with_source_filter PASSED [ 91%]
test/ui/test_records_state_persistence.py::TestStatePersistence::test_search_without_filters PASSED [ 91%]
test/ui/test_records_unicode.py::TestUnicodeSafety::test_accented_chars_in_search_term PASSED [ 92%]
test/ui/test_records_unicode.py::TestUnicodeSafety::test_cjk_chars_in_search_term PASSED [ 93%]
test/ui/test_records_unicode.py::TestUnicodeSafety::test_special_unicode_in_search_term PASSED [ 93%]
test/ui/test_records_unicode.py::TestUnicodeSafety::test_unicode_in_source_filter PASSED [ 94%]
test/ui/test_semantic_search_ui_dom_e2e.py::test_sc1_mode_radio_options SKIPPED [ 94%]
test/ui/test_semantic_search_ui_dom_e2e.py::test_sc2_threshold_control_and_persistence SKIPPED [ 95%]
test/ui/test_semantic_search_ui_dom_e2e.py::test_sc8_language_filters_disabled SKIPPED [ 95%]
test/ui/test_semantic_search_ui_flow_e2e.py::test_search_modes_differ_and_scores SKIPPED [ 96%]
test/ui/test_semantic_search_ui_flow_e2e.py::test_pagination_order_stability SKIPPED [ 96%]
test/ui/test_semantic_search_ui_flow_e2e.py::test_empty_states_clean SKIPPED [ 97%]
test/ui/test_table_maintenance_backfill_red.py::TestAdminEmbeddingBackfillRED::test_admin_sees_backfill_button PASSED [ 97%]
test/ui/test_table_maintenance_backfill_red.py::TestAdminEmbeddingBackfillRED::test_backfill_click_invokes_service_with_progress_callback PASSED [ 98%]
test/ui/test_table_maintenance_backfill_red.py::TestAdminEmbeddingBackfillRED::test_backfill_error_surfaced_by_handle_ui_error PASSED [ 98%]
test/ui/test_table_maintenance_backfill_red.py::TestAdminEmbeddingBackfillRED::test_backfill_recompute_service_method_exists PASSED [ 99%]
test/ui/test_table_maintenance_backfill_red.py::TestAdminEmbeddingBackfillRED::test_non_admin_sees_no_backfill_button PASSED [100%]

============= 178 passed, 8 skipped, 22 subtests passed in 26.29s ==============
